2026-08-28 15:43:18,828 INFO o.a.j.u.JMeterUtils: Setting Locale to en_EN
2026-08-28 15:43:18,843 INFO o.a.j.JMeter: Loading user properties from: C:\Users\LENOVO\Downloads\apache-jmeter-5.6.3\apache-jmeter-5.6.3\bin\user.properties
2026-08-28 15:43:18,843 INFO o.a.j.JMeter: Loading system properties from: C:\Users\LENOVO\Downloads\apache-jmeter-5.6.3\apache-jmeter-5.6.3\bin\system.properties
2026-08-28 15:43:18,849 INFO o.a.j.JMeter: Copyright (c) 1998-2024 The Apache Software Foundation
2026-08-28 15:43:18,849 INFO o.a.j.JMeter: Version 5.6.3
2026-08-28 15:43:18,849 INFO o.a.j.JMeter: java.version=21.0.8
2026-08-28 15:43:18,849 INFO o.a.j.JMeter: java.vm.name=OpenJDK 64-Bit Server VM
2026-08-28 15:43:18,849 INFO o.a.j.JMeter: os.name=Windows 11
2026-08-28 15:43:18,849 INFO o.a.j.JMeter: os.arch=amd64
2026-08-28 15:43:18,849 INFO o.a.j.JMeter: os.version=10.0
2026-08-28 15:43:18,849 INFO o.a.j.JMeter: file.encoding=UTF-8
2026-08-28 15:43:18,849 INFO o.a.j.JMeter: java.awt.headless=true
2026-08-28 15:43:18,849 INFO o.a.j.JMeter: Max memory     =1073741824
2026-08-28 15:43:18,849 INFO o.a.j.JMeter: Available Processors =12
2026-08-28 15:43:18,858 INFO o.a.j.JMeter: Default Locale=English (EN)
2026-08-28 15:43:18,858 INFO o.a.j.JMeter: JMeter  Locale=English (EN)
2026-08-28 15:43:18,858 INFO o.a.j.JMeter: JMeterHome=C:\Users\LENOVO\Downloads\apache-jmeter-5.6.3\apache-jmeter-5.6.3
2026-08-28 15:43:18,858 INFO o.a.j.JMeter: user.dir  =D:\STD\Y3\Y3S3\KiemThuPM\hw\hw5
2026-08-28 15:43:18,858 INFO o.a.j.JMeter: PWD       =D:\STD\Y3\Y3S3\KiemThuPM\hw\hw5
2026-08-28 15:43:23,836 INFO o.a.j.JMeter: IP: 192.168.31.1 Name: Ruby FullName: Ruby
2026-08-28 15:43:23,842 INFO o.a.j.JMeter: Setting property 'jmeter.reportgenerator.outputdir' to:'D:\STD\Y3\Y3S3\KiemThuPM\hw\hw5\test-results\spike_html_report'
2026-08-28 15:43:23,842 INFO o.a.j.s.FileServer: Default base='D:\STD\Y3\Y3S3\KiemThuPM\hw\hw5'
2026-08-28 15:43:23,842 INFO o.a.j.s.FileServer: Set new base='D:\STD\Y3\Y3S3\KiemThuPM\hw\hw5\test-plans'
2026-08-28 15:43:24,000 INFO o.a.j.s.SaveService: Testplan (JMX) version: 2.2. Testlog (JTL) version: 2.2
2026-08-28 15:43:24,032 INFO o.a.j.s.SaveService: Using SaveService properties version 5.0
2026-08-28 15:43:24,032 INFO o.a.j.s.SaveService: Using SaveService properties file encoding UTF-8
2026-08-28 15:43:24,032 INFO o.a.j.s.SaveService: Loading file: test-plans\23127125_Spike_20260828.jmx
2026-08-28 15:43:24,092 INFO o.a.j.p.h.s.HTTPSamplerBase: Parser for text/html is org.apache.jmeter.protocol.http.parser.LagartoBasedHtmlParser
2026-08-28 15:43:24,092 INFO o.a.j.p.h.s.HTTPSamplerBase: Parser for application/xhtml+xml is org.apache.jmeter.protocol.http.parser.LagartoBasedHtmlParser
2026-08-28 15:43:24,092 INFO o.a.j.p.h.s.HTTPSamplerBase: Parser for application/xml is org.apache.jmeter.protocol.http.parser.LagartoBasedHtmlParser
2026-08-28 15:43:24,092 INFO o.a.j.p.h.s.HTTPSamplerBase: Parser for text/xml is org.apache.jmeter.protocol.http.parser.LagartoBasedHtmlParser
2026-08-28 15:43:24,092 INFO o.a.j.p.h.s.HTTPSamplerBase: Parser for text/vnd.wap.wml is org.apache.jmeter.protocol.http.parser.RegexpHTMLParser
2026-08-28 15:43:24,092 INFO o.a.j.p.h.s.HTTPSamplerBase: Parser for text/css is org.apache.jmeter.protocol.http.parser.CssParser
2026-08-28 15:43:24,119 INFO o.a.j.JMeter: Creating summariser <summary>
2026-08-28 15:43:24,119 INFO o.a.j.r.d.ReportGenerator: ReportGenerator will use for Parsing the separator: ','
2026-08-28 15:43:24,119 INFO o.a.j.r.d.ReportGenerator: Will generate report at end of test from  results file: test-results/spike_results.jtl
2026-08-28 15:43:24,119 INFO o.a.j.r.d.ReportGenerator: Reading report generator properties from: C:\Users\LENOVO\Downloads\apache-jmeter-5.6.3\apache-jmeter-5.6.3\bin\reportgenerator.properties
2026-08-28 15:43:24,119 INFO o.a.j.r.d.ReportGenerator: Merging with JMeter properties
2026-08-28 15:43:24,130 INFO o.a.j.r.c.ReportGeneratorConfiguration: Property 'jmeter.reportgenerator.temp_dir' not found, using default value 'temp' instead.
2026-08-28 15:43:24,132 INFO o.a.j.r.c.ReportGeneratorConfiguration: Property 'jmeter.reportgenerator.apdex_per_transaction' not found, using default value 'null' instead.
2026-08-28 15:43:24,132 INFO o.a.j.r.c.ReportGeneratorConfiguration: apdex_per_transaction is empty, not APDEX per transaction customization
2026-08-28 15:43:24,132 INFO o.a.j.r.c.ReportGeneratorConfiguration: Property 'jmeter.reportgenerator.sample_filter' not found, using default value 'null' instead.
2026-08-28 15:43:24,132 INFO o.a.j.r.c.ReportGeneratorConfiguration: Property 'jmeter.reportgenerator.report_title' not found, using default value 'null' instead.
2026-08-28 15:43:24,132 INFO o.a.j.r.c.ReportGeneratorConfiguration: Property 'jmeter.reportgenerator.start_date' not found, using default value 'null' instead.
2026-08-28 15:43:24,133 INFO o.a.j.r.c.ReportGeneratorConfiguration: Property 'jmeter.reportgenerator.end_date' not found, using default value 'null' instead.
2026-08-28 15:43:24,133 INFO o.a.j.r.c.ReportGeneratorConfiguration: Property 'jmeter.reportgenerator.date_format' not found, using default value 'null' instead.
2026-08-28 15:43:24,133 INFO o.a.j.r.c.ReportGeneratorConfiguration: Will use date range start date: null, end date: null
2026-08-28 15:43:24,134 INFO o.a.j.r.c.ReportGeneratorConfiguration: Property 'jmeter.reportgenerator.graph.totalTPS.exclude_controllers' not found, using default value 'false' instead.
2026-08-28 15:43:24,134 INFO o.a.j.r.c.ReportGeneratorConfiguration: Property 'jmeter.reportgenerator.graph.activeThreadsOverTime.exclude_controllers' not found, using default value 'false' instead.
2026-08-28 15:43:24,134 INFO o.a.j.r.c.ReportGeneratorConfiguration: Property 'jmeter.reportgenerator.graph.timeVsThreads.exclude_controllers' not found, using default value 'false' instead.
2026-08-28 15:43:24,134 INFO o.a.j.r.c.ReportGeneratorConfiguration: Property 'jmeter.reportgenerator.graph.responseTimeDistribution.exclude_controllers' not found, using default value 'false' instead.
2026-08-28 15:43:24,134 INFO o.a.j.r.c.ReportGeneratorConfiguration: Property 'jmeter.reportgenerator.graph.transactionsPerSecond.exclude_controllers' not found, using default value 'false' instead.
2026-08-28 15:43:24,134 INFO o.a.j.r.c.ReportGeneratorConfiguration: Property 'jmeter.reportgenerator.graph.responseTimePercentiles.exclude_controllers' not found, using default value 'false' instead.
2026-08-28 15:43:24,134 INFO o.a.j.r.c.ReportGeneratorConfiguration: Property 'jmeter.reportgenerator.graph.responseTimePercentilesOverTime.exclude_controllers' not found, using default value 'false' instead.
2026-08-28 15:43:24,134 INFO o.a.j.r.c.ReportGeneratorConfiguration: Property 'jmeter.reportgenerator.graph.responseTimesOverTime.exclude_controllers' not found, using default value 'false' instead.
2026-08-28 15:43:24,134 INFO o.a.j.r.c.ReportGeneratorConfiguration: Property 'jmeter.reportgenerator.graph.connectTimeOverTime.exclude_controllers' not found, using default value 'false' instead.
2026-08-28 15:43:24,134 INFO o.a.j.r.c.ReportGeneratorConfiguration: Property 'jmeter.reportgenerator.graph.latenciesOverTime.exclude_controllers' not found, using default value 'false' instead.
2026-08-28 15:43:24,134 INFO o.a.j.r.c.ReportGeneratorConfiguration: Property 'jmeter.reportgenerator.exporter.json.filters_only_sample_series' not found, using default value 'true' instead.
2026-08-28 15:43:24,134 INFO o.a.j.r.c.ReportGeneratorConfiguration: Property 'jmeter.reportgenerator.exporter.json.series_filter' not found, using default value '' instead.
2026-08-28 15:43:24,134 INFO o.a.j.r.c.ReportGeneratorConfiguration: Property 'jmeter.reportgenerator.exporter.json.show_controllers_only' not found, using default value 'false' instead.
2026-08-28 15:43:24,134 INFO o.a.j.r.c.ReportGeneratorConfiguration: Property 'jmeter.reportgenerator.exporter.html.filters_only_sample_series' not found, using default value 'true' instead.
2026-08-28 15:43:24,134 INFO o.a.j.r.c.ReportGeneratorConfiguration: Property 'jmeter.reportgenerator.exporter.html.series_filter' not found, using default value '' instead.
2026-08-28 15:43:24,134 INFO o.a.j.r.c.ReportGeneratorConfiguration: Property 'jmeter.reportgenerator.exporter.html.show_controllers_only' not found, using default value 'false' instead.
2026-08-28 15:43:24,145 INFO o.a.j.e.StandardJMeterEngine: Running the test!
2026-08-28 15:43:24,145 INFO o.a.j.s.SampleEvent: List of sample_variables: []
2026-08-28 15:43:24,145 INFO o.a.j.s.SampleEvent: List of sample_variables: []
2026-08-28 15:43:24,145 INFO o.a.j.e.u.CompoundVariable: Note: Function class names must contain the string: '.functions.'
2026-08-28 15:43:24,145 INFO o.a.j.e.u.CompoundVariable: Note: Function class names must not contain the string: '.gui.'
2026-08-28 15:43:24,208 INFO o.a.j.r.ClassFinder: Will scan jar C:\Users\LENOVO\Downloads\apache-jmeter-5.6.3\apache-jmeter-5.6.3\lib\ext\jmeter-plugins-manager-2.0.jar with filter ExtendsClassFilter [parents=[interface org.apache.jmeter.functions.Function], inner=false, contains=null, notContains=null]. Consider exposing JMeter plugins via META-INF/services, and add JMeter-Skip-Class-Scanning=true manifest attribute so JMeter can skip classfile scanning
2026-08-28 15:43:24,244 INFO o.a.j.JMeter: Running test (1787906604244)
2026-08-28 15:43:24,270 INFO o.a.j.e.StandardJMeterEngine: Starting ThreadGroup: 1 : Thread Group - Spike Testing
2026-08-28 15:43:24,271 INFO o.a.j.e.StandardJMeterEngine: Starting 100 threads for group Thread Group - Spike Testing.
2026-08-28 15:43:24,271 INFO o.a.j.e.StandardJMeterEngine: Thread will continue on error
2026-08-28 15:43:24,271 INFO o.a.j.t.ThreadGroup: Starting thread group... number=1 threads=100 ramp-up=5 delayedStart=false
2026-08-28 15:43:24,359 INFO o.a.j.t.ThreadGroup: Started thread group number 1
2026-08-28 15:43:24,359 INFO o.a.j.e.StandardJMeterEngine: All thread groups have been started
2026-08-28 15:43:24,372 INFO o.a.j.t.JMeterThread: Thread started: Thread Group - Spike Testing 1-1
2026-08-28 15:43:24,384 INFO o.a.j.s.FileServer: Stored: test-data.csv
2026-08-28 15:43:24,429 INFO o.a.j.t.JMeterThread: Thread started: Thread Group - Spike Testing 1-2
2026-08-28 15:43:24,478 INFO o.a.j.t.JMeterThread: Thread started: Thread Group - Spike Testing 1-3
2026-08-28 15:43:24,527 INFO o.a.j.t.JMeterThread: Thread started: Thread Group - Spike Testing 1-4
2026-08-28 15:43:24,576 INFO o.a.j.t.JMeterThread: Thread started: Thread Group - Spike Testing 1-5
2026-08-28 15:43:24,609 INFO o.a.j.p.h.s.HTTPHCAbstractImpl: Local host = Ruby
2026-08-28 15:43:24,615 INFO o.a.j.p.h.s.HTTPHC4Impl: HTTP request retry count = 0
2026-08-28 15:43:24,617 INFO o.a.j.s.SampleResult: Note: Sample TimeStamps are START times
2026-08-28 15:43:24,617 INFO o.a.j.s.SampleResult: sampleresult.default.encoding is set to UTF-8
2026-08-28 15:43:24,617 INFO o.a.j.s.SampleResult: sampleresult.useNanoTime=true
2026-08-28 15:43:24,617 INFO o.a.j.s.SampleResult: sampleresult.nanoThreadSleep=5000
2026-08-28 15:43:24,624 INFO o.a.j.t.JMeterThread: Thread started: Thread Group - Spike Testing 1-6
2026-08-28 15:43:24,674 INFO o.a.j.t.JMeterThread: Thread started: Thread Group - Spike Testing 1-7
2026-08-28 15:43:24,724 INFO o.a.j.t.JMeterThread: Thread started: Thread Group - Spike Testing 1-8
2026-08-28 15:43:24,772 INFO o.a.j.t.JMeterThread: Thread started: Thread Group - Spike Testing 1-9
2026-08-28 15:43:24,821 INFO o.a.j.t.JMeterThread: Thread started: Thread Group - Spike Testing 1-10
2026-08-28 15:43:24,871 INFO o.a.j.t.JMeterThread: Thread started: Thread Group - Spike Testing 1-11
2026-08-28 15:43:24,920 INFO o.a.j.t.JMeterThread: Thread started: Thread Group - Spike Testing 1-12
2026-08-28 15:43:24,969 INFO o.a.j.t.JMeterThread: Thread started: Thread Group - Spike Testing 1-13
2026-08-28 15:43:25,018 INFO o.a.j.t.JMeterThread: Thread started: Thread Group - Spike Testing 1-14
2026-08-28 15:43:25,067 INFO o.a.j.t.JMeterThread: Thread started: Thread Group - Spike Testing 1-15
2026-08-28 15:43:25,116 INFO o.a.j.t.JMeterThread: Thread started: Thread Group - Spike Testing 1-16
2026-08-28 15:43:25,165 INFO o.a.j.t.JMeterThread: Thread started: Thread Group - Spike Testing 1-17
2026-08-28 15:43:25,214 INFO o.a.j.t.JMeterThread: Thread started: Thread Group - Spike Testing 1-18
2026-08-28 15:43:25,264 INFO o.a.j.t.JMeterThread: Thread started: Thread Group - Spike Testing 1-19
2026-08-28 15:43:25,312 INFO o.a.j.t.JMeterThread: Thread started: Thread Group - Spike Testing 1-20
2026-08-28 15:43:25,359 INFO o.a.j.t.JMeterThread: Thread started: Thread Group - Spike Testing 1-21
2026-08-28 15:43:25,398 INFO o.a.j.t.JMeterThread: Thread started: Thread Group - Spike Testing 1-22
2026-08-28 15:43:25,449 INFO o.a.j.t.JMeterThread: Thread started: Thread Group - Spike Testing 1-23
2026-08-28 15:43:25,498 INFO o.a.j.t.JMeterThread: Thread started: Thread Group - Spike Testing 1-24
2026-08-28 15:43:25,548 INFO o.a.j.t.JMeterThread: Thread started: Thread Group - Spike Testing 1-25
2026-08-28 15:43:25,596 INFO o.a.j.t.JMeterThread: Thread started: Thread Group - Spike Testing 1-26
2026-08-28 15:43:25,643 INFO o.a.j.t.JMeterThread: Thread started: Thread Group - Spike Testing 1-27
2026-08-28 15:43:25,694 INFO o.a.j.t.JMeterThread: Thread started: Thread Group - Spike Testing 1-28
2026-08-28 15:43:25,742 INFO o.a.j.t.JMeterThread: Thread started: Thread Group - Spike Testing 1-29
2026-08-28 15:43:25,793 INFO o.a.j.t.JMeterThread: Thread started: Thread Group - Spike Testing 1-30
2026-08-28 15:43:25,843 INFO o.a.j.t.JMeterThread: Thread started: Thread Group - Spike Testing 1-31
2026-08-28 15:43:25,892 INFO o.a.j.t.JMeterThread: Thread started: Thread Group - Spike Testing 1-32
2026-08-28 15:43:25,943 INFO o.a.j.t.JMeterThread: Thread started: Thread Group - Spike Testing 1-33
2026-08-28 15:43:25,987 INFO o.a.j.t.JMeterThread: Thread started: Thread Group - Spike Testing 1-34
2026-08-28 15:43:26,038 INFO o.a.j.t.JMeterThread: Thread started: Thread Group - Spike Testing 1-35
2026-08-28 15:43:26,087 INFO o.a.j.t.JMeterThread: Thread started: Thread Group - Spike Testing 1-36
2026-08-28 15:43:26,137 INFO o.a.j.t.JMeterThread: Thread started: Thread Group - Spike Testing 1-37
2026-08-28 15:43:26,186 INFO o.a.j.t.JMeterThread: Thread started: Thread Group - Spike Testing 1-38
2026-08-28 15:43:26,234 INFO o.a.j.t.JMeterThread: Thread started: Thread Group - Spike Testing 1-39
2026-08-28 15:43:26,285 INFO o.a.j.t.JMeterThread: Thread started: Thread Group - Spike Testing 1-40
2026-08-28 15:43:26,334 INFO o.a.j.t.JMeterThread: Thread started: Thread Group - Spike Testing 1-41
2026-08-28 15:43:26,383 INFO o.a.j.t.JMeterThread: Thread started: Thread Group - Spike Testing 1-42
2026-08-28 15:43:26,432 INFO o.a.j.t.JMeterThread: Thread started: Thread Group - Spike Testing 1-43
2026-08-28 15:43:26,481 INFO o.a.j.t.JMeterThread: Thread started: Thread Group - Spike Testing 1-44
2026-08-28 15:43:26,531 INFO o.a.j.t.JMeterThread: Thread started: Thread Group - Spike Testing 1-45
2026-08-28 15:43:26,580 INFO o.a.j.t.JMeterThread: Thread started: Thread Group - Spike Testing 1-46
2026-08-28 15:43:26,629 INFO o.a.j.t.JMeterThread: Thread started: Thread Group - Spike Testing 1-47
2026-08-28 15:43:26,679 INFO o.a.j.t.JMeterThread: Thread started: Thread Group - Spike Testing 1-48
2026-08-28 15:43:26,728 INFO o.a.j.t.JMeterThread: Thread started: Thread Group - Spike Testing 1-49
2026-08-28 15:43:26,777 INFO o.a.j.t.JMeterThread: Thread started: Thread Group - Spike Testing 1-50
2026-08-28 15:43:26,827 INFO o.a.j.t.JMeterThread: Thread started: Thread Group - Spike Testing 1-51
2026-08-28 15:43:26,876 INFO o.a.j.t.JMeterThread: Thread started: Thread Group - Spike Testing 1-52
2026-08-28 15:43:26,925 INFO o.a.j.t.JMeterThread: Thread started: Thread Group - Spike Testing 1-53
2026-08-28 15:43:26,973 INFO o.a.j.t.JMeterThread: Thread started: Thread Group - Spike Testing 1-54
2026-08-28 15:43:27,022 INFO o.a.j.t.JMeterThread: Thread started: Thread Group - Spike Testing 1-55
2026-08-28 15:43:27,073 INFO o.a.j.t.JMeterThread: Thread started: Thread Group - Spike Testing 1-56
2026-08-28 15:43:27,122 INFO o.a.j.t.JMeterThread: Thread started: Thread Group - Spike Testing 1-57
2026-08-28 15:43:27,170 INFO o.a.j.t.JMeterThread: Thread started: Thread Group - Spike Testing 1-58
2026-08-28 15:43:27,221 INFO o.a.j.t.JMeterThread: Thread started: Thread Group - Spike Testing 1-59
2026-08-28 15:43:27,269 INFO o.a.j.t.JMeterThread: Thread started: Thread Group - Spike Testing 1-60
2026-08-28 15:43:27,319 INFO o.a.j.t.JMeterThread: Thread started: Thread Group - Spike Testing 1-61
2026-08-28 15:43:27,368 INFO o.a.j.t.JMeterThread: Thread started: Thread Group - Spike Testing 1-62
2026-08-28 15:43:27,418 INFO o.a.j.t.JMeterThread: Thread started: Thread Group - Spike Testing 1-63
2026-08-28 15:43:27,469 INFO o.a.j.t.JMeterThread: Thread started: Thread Group - Spike Testing 1-64
2026-08-28 15:43:27,516 INFO o.a.j.t.JMeterThread: Thread started: Thread Group - Spike Testing 1-65
2026-08-28 15:43:27,567 INFO o.a.j.t.JMeterThread: Thread started: Thread Group - Spike Testing 1-66
2026-08-28 15:43:27,616 INFO o.a.j.t.JMeterThread: Thread started: Thread Group - Spike Testing 1-67
2026-08-28 15:43:27,664 INFO o.a.j.t.JMeterThread: Thread started: Thread Group - Spike Testing 1-68
2026-08-28 15:43:27,715 INFO o.a.j.t.JMeterThread: Thread started: Thread Group - Spike Testing 1-69
2026-08-28 15:43:27,764 INFO o.a.j.t.JMeterThread: Thread started: Thread Group - Spike Testing 1-70
2026-08-28 15:43:27,813 INFO o.a.j.t.JMeterThread: Thread started: Thread Group - Spike Testing 1-71
2026-08-28 15:43:27,863 INFO o.a.j.t.JMeterThread: Thread started: Thread Group - Spike Testing 1-72
2026-08-28 15:43:27,912 INFO o.a.j.t.JMeterThread: Thread started: Thread Group - Spike Testing 1-73
2026-08-28 15:43:27,961 INFO o.a.j.t.JMeterThread: Thread started: Thread Group - Spike Testing 1-74
2026-08-28 15:43:28,010 INFO o.a.j.t.JMeterThread: Thread started: Thread Group - Spike Testing 1-75
2026-08-28 15:43:28,060 INFO o.a.j.t.JMeterThread: Thread started: Thread Group - Spike Testing 1-76
2026-08-28 15:43:28,109 INFO o.a.j.t.JMeterThread: Thread started: Thread Group - Spike Testing 1-77
2026-08-28 15:43:28,159 INFO o.a.j.t.JMeterThread: Thread started: Thread Group - Spike Testing 1-78
2026-08-28 15:43:28,208 INFO o.a.j.t.JMeterThread: Thread started: Thread Group - Spike Testing 1-79
2026-08-28 15:43:28,256 INFO o.a.j.t.JMeterThread: Thread started: Thread Group - Spike Testing 1-80
2026-08-28 15:43:28,307 INFO o.a.j.t.JMeterThread: Thread started: Thread Group - Spike Testing 1-81
2026-08-28 15:43:28,356 INFO o.a.j.t.JMeterThread: Thread started: Thread Group - Spike Testing 1-82
2026-08-28 15:43:28,404 INFO o.a.j.t.JMeterThread: Thread started: Thread Group - Spike Testing 1-83
2026-08-28 15:43:28,451 INFO o.a.j.t.JMeterThread: Thread started: Thread Group - Spike Testing 1-84
2026-08-28 15:43:28,500 INFO o.a.j.t.JMeterThread: Thread started: Thread Group - Spike Testing 1-85
2026-08-28 15:43:28,544 INFO o.a.j.t.JMeterThread: Thread started: Thread Group - Spike Testing 1-86
2026-08-28 15:43:28,592 INFO o.a.j.t.JMeterThread: Thread started: Thread Group - Spike Testing 1-87
2026-08-28 15:43:28,642 INFO o.a.j.t.JMeterThread: Thread started: Thread Group - Spike Testing 1-88
2026-08-28 15:43:28,691 INFO o.a.j.t.JMeterThread: Thread started: Thread Group - Spike Testing 1-89
2026-08-28 15:43:28,740 INFO o.a.j.t.JMeterThread: Thread started: Thread Group - Spike Testing 1-90
2026-08-28 15:43:28,790 INFO o.a.j.t.JMeterThread: Thread started: Thread Group - Spike Testing 1-91
2026-08-28 15:43:28,839 INFO o.a.j.t.JMeterThread: Thread started: Thread Group - Spike Testing 1-92
2026-08-28 15:43:28,889 INFO o.a.j.t.JMeterThread: Thread started: Thread Group - Spike Testing 1-93
2026-08-28 15:43:28,938 INFO o.a.j.t.JMeterThread: Thread started: Thread Group - Spike Testing 1-94
2026-08-28 15:43:28,988 INFO o.a.j.t.JMeterThread: Thread started: Thread Group - Spike Testing 1-95
2026-08-28 15:43:29,037 INFO o.a.j.t.JMeterThread: Thread started: Thread Group - Spike Testing 1-96
2026-08-28 15:43:29,087 INFO o.a.j.t.JMeterThread: Thread started: Thread Group - Spike Testing 1-97
2026-08-28 15:43:29,136 INFO o.a.j.t.JMeterThread: Thread started: Thread Group - Spike Testing 1-98
2026-08-28 15:43:29,184 INFO o.a.j.t.JMeterThread: Thread started: Thread Group - Spike Testing 1-99
2026-08-28 15:43:29,234 INFO o.a.j.t.JMeterThread: Thread started: Thread Group - Spike Testing 1-100
2026-08-28 15:43:30,002 INFO o.a.j.r.Summariser: summary +   1004 in 00:00:06 =  174.4/s Avg:     5 Min:     0 Max:    41 Err:     0 (0.00%) Active: 100 Started: 100 Finished: 0
2026-08-28 15:43:53,764 INFO o.a.j.t.JMeterThread: Thread finished: Thread Group - Spike Testing 1-4
2026-08-28 15:43:53,854 INFO o.a.j.t.JMeterThread: Thread finished: Thread Group - Spike Testing 1-34
2026-08-28 15:43:53,892 INFO o.a.j.t.JMeterThread: Thread finished: Thread Group - Spike Testing 1-5
2026-08-28 15:43:53,901 INFO o.a.j.t.JMeterThread: Thread finished: Thread Group - Spike Testing 1-40
2026-08-28 15:43:53,901 INFO o.a.j.t.JMeterThread: Thread finished: Thread Group - Spike Testing 1-49
2026-08-28 15:43:53,902 INFO o.a.j.t.JMeterThread: Thread finished: Thread Group - Spike Testing 1-85
2026-08-28 15:43:53,926 INFO o.a.j.t.JMeterThread: Thread finished: Thread Group - Spike Testing 1-42
2026-08-28 15:43:53,933 INFO o.a.j.t.JMeterThread: Thread finished: Thread Group - Spike Testing 1-95
2026-08-28 15:43:53,941 INFO o.a.j.t.JMeterThread: Thread finished: Thread Group - Spike Testing 1-15
2026-08-28 15:43:53,948 INFO o.a.j.t.JMeterThread: Thread finished: Thread Group - Spike Testing 1-28
2026-08-28 15:43:53,962 INFO o.a.j.t.JMeterThread: Thread finished: Thread Group - Spike Testing 1-19
2026-08-28 15:43:53,978 INFO o.a.j.t.JMeterThread: Thread finished: Thread Group - Spike Testing 1-99
2026-08-28 15:43:53,979 INFO o.a.j.t.JMeterThread: Thread finished: Thread Group - Spike Testing 1-21
2026-08-28 15:43:53,992 INFO o.a.j.t.JMeterThread: Thread finished: Thread Group - Spike Testing 1-11
2026-08-28 15:43:53,992 INFO o.a.j.t.JMeterThread: Thread finished: Thread Group - Spike Testing 1-51
2026-08-28 15:43:53,993 INFO o.a.j.t.JMeterThread: Thread finished: Thread Group - Spike Testing 1-44
2026-08-28 15:43:54,004 INFO o.a.j.t.JMeterThread: Thread finished: Thread Group - Spike Testing 1-37
2026-08-28 15:43:54,004 INFO o.a.j.t.JMeterThread: Thread finished: Thread Group - Spike Testing 1-46
2026-08-28 15:43:54,007 INFO o.a.j.t.JMeterThread: Thread finished: Thread Group - Spike Testing 1-8
2026-08-28 15:43:54,008 INFO o.a.j.t.JMeterThread: Thread finished: Thread Group - Spike Testing 1-62
2026-08-28 15:43:54,009 INFO o.a.j.t.JMeterThread: Thread finished: Thread Group - Spike Testing 1-55
2026-08-28 15:43:54,015 INFO o.a.j.t.JMeterThread: Thread finished: Thread Group - Spike Testing 1-83
2026-08-28 15:43:54,020 INFO o.a.j.t.JMeterThread: Thread finished: Thread Group - Spike Testing 1-32
2026-08-28 15:43:54,028 INFO o.a.j.t.JMeterThread: Thread finished: Thread Group - Spike Testing 1-77
2026-08-28 15:43:54,029 INFO o.a.j.t.JMeterThread: Thread finished: Thread Group - Spike Testing 1-2
2026-08-28 15:43:54,042 INFO o.a.j.t.JMeterThread: Thread finished: Thread Group - Spike Testing 1-47
2026-08-28 15:43:54,046 INFO o.a.j.t.JMeterThread: Thread finished: Thread Group - Spike Testing 1-50
2026-08-28 15:43:54,047 INFO o.a.j.t.JMeterThread: Thread finished: Thread Group - Spike Testing 1-35
2026-08-28 15:43:54,053 INFO o.a.j.t.JMeterThread: Thread finished: Thread Group - Spike Testing 1-75
2026-08-28 15:43:54,058 INFO o.a.j.t.JMeterThread: Thread finished: Thread Group - Spike Testing 1-39
2026-08-28 15:43:54,069 INFO o.a.j.t.JMeterThread: Thread finished: Thread Group - Spike Testing 1-59
2026-08-28 15:43:54,070 INFO o.a.j.t.JMeterThread: Thread finished: Thread Group - Spike Testing 1-67
2026-08-28 15:43:54,071 INFO o.a.j.t.JMeterThread: Thread finished: Thread Group - Spike Testing 1-73
2026-08-28 15:43:54,072 INFO o.a.j.t.JMeterThread: Thread finished: Thread Group - Spike Testing 1-76
2026-08-28 15:43:54,090 INFO o.a.j.t.JMeterThread: Thread finished: Thread Group - Spike Testing 1-78
2026-08-28 15:43:54,093 INFO o.a.j.t.JMeterThread: Thread finished: Thread Group - Spike Testing 1-81
2026-08-28 15:43:54,099 INFO o.a.j.t.JMeterThread: Thread finished: Thread Group - Spike Testing 1-66
2026-08-28 15:43:54,104 INFO o.a.j.t.JMeterThread: Thread finished: Thread Group - Spike Testing 1-54
2026-08-28 15:43:54,111 INFO o.a.j.t.JMeterThread: Thread finished: Thread Group - Spike Testing 1-96
2026-08-28 15:43:54,112 INFO o.a.j.t.JMeterThread: Thread finished: Thread Group - Spike Testing 1-17
2026-08-28 15:43:54,122 INFO o.a.j.t.JMeterThread: Thread finished: Thread Group - Spike Testing 1-18
2026-08-28 15:43:54,125 INFO o.a.j.t.JMeterThread: Thread finished: Thread Group - Spike Testing 1-22
2026-08-28 15:43:54,130 INFO o.a.j.t.JMeterThread: Thread finished: Thread Group - Spike Testing 1-3
2026-08-28 15:43:54,131 INFO o.a.j.t.JMeterThread: Thread finished: Thread Group - Spike Testing 1-36
2026-08-28 15:43:54,133 INFO o.a.j.t.JMeterThread: Thread finished: Thread Group - Spike Testing 1-87
2026-08-28 15:43:54,139 INFO o.a.j.t.JMeterThread: Thread finished: Thread Group - Spike Testing 1-72
2026-08-28 15:43:54,139 INFO o.a.j.t.JMeterThread: Thread finished: Thread Group - Spike Testing 1-9
2026-08-28 15:43:54,140 INFO o.a.j.t.JMeterThread: Thread finished: Thread Group - Spike Testing 1-33
2026-08-28 15:43:54,145 INFO o.a.j.t.JMeterThread: Thread finished: Thread Group - Spike Testing 1-14
2026-08-28 15:43:54,145 INFO o.a.j.t.JMeterThread: Thread finished: Thread Group - Spike Testing 1-64
2026-08-28 15:43:54,149 INFO o.a.j.t.JMeterThread: Thread finished: Thread Group - Spike Testing 1-100
2026-08-28 15:43:54,151 INFO o.a.j.t.JMeterThread: Thread finished: Thread Group - Spike Testing 1-79
2026-08-28 15:43:54,155 INFO o.a.j.t.JMeterThread: Thread finished: Thread Group - Spike Testing 1-30
2026-08-28 15:43:54,157 INFO o.a.j.t.JMeterThread: Thread finished: Thread Group - Spike Testing 1-31
2026-08-28 15:43:54,158 INFO o.a.j.t.JMeterThread: Thread finished: Thread Group - Spike Testing 1-57
2026-08-28 15:43:54,166 INFO o.a.j.t.JMeterThread: Thread finished: Thread Group - Spike Testing 1-92
2026-08-28 15:43:54,173 INFO o.a.j.t.JMeterThread: Thread finished: Thread Group - Spike Testing 1-26
2026-08-28 15:43:54,174 INFO o.a.j.t.JMeterThread: Thread finished: Thread Group - Spike Testing 1-97
2026-08-28 15:43:54,179 INFO o.a.j.t.JMeterThread: Thread finished: Thread Group - Spike Testing 1-24
2026-08-28 15:43:54,179 INFO o.a.j.t.JMeterThread: Thread finished: Thread Group - Spike Testing 1-1
2026-08-28 15:43:54,184 INFO o.a.j.t.JMeterThread: Thread finished: Thread Group - Spike Testing 1-7
2026-08-28 15:43:54,187 INFO o.a.j.t.JMeterThread: Thread finished: Thread Group - Spike Testing 1-63
2026-08-28 15:43:54,190 INFO o.a.j.t.JMeterThread: Thread finished: Thread Group - Spike Testing 1-27
2026-08-28 15:43:54,191 INFO o.a.j.t.JMeterThread: Thread finished: Thread Group - Spike Testing 1-56
2026-08-28 15:43:54,192 INFO o.a.j.t.JMeterThread: Thread finished: Thread Group - Spike Testing 1-16
2026-08-28 15:43:54,193 INFO o.a.j.t.JMeterThread: Thread finished: Thread Group - Spike Testing 1-43
2026-08-28 15:43:54,195 INFO o.a.j.t.JMeterThread: Thread finished: Thread Group - Spike Testing 1-10
2026-08-28 15:43:54,200 INFO o.a.j.t.JMeterThread: Thread finished: Thread Group - Spike Testing 1-38
2026-08-28 15:43:54,202 INFO o.a.j.t.JMeterThread: Thread finished: Thread Group - Spike Testing 1-89
2026-08-28 15:43:54,207 INFO o.a.j.t.JMeterThread: Thread finished: Thread Group - Spike Testing 1-25
2026-08-28 15:43:54,210 INFO o.a.j.t.JMeterThread: Thread finished: Thread Group - Spike Testing 1-6
2026-08-28 15:43:54,211 INFO o.a.j.t.JMeterThread: Thread finished: Thread Group - Spike Testing 1-70
2026-08-28 15:43:54,212 INFO o.a.j.t.JMeterThread: Thread finished: Thread Group - Spike Testing 1-58
2026-08-28 15:43:54,214 INFO o.a.j.t.JMeterThread: Thread finished: Thread Group - Spike Testing 1-91
2026-08-28 15:43:54,217 INFO o.a.j.t.JMeterThread: Thread finished: Thread Group - Spike Testing 1-53
2026-08-28 15:43:54,221 INFO o.a.j.t.JMeterThread: Thread finished: Thread Group - Spike Testing 1-60
2026-08-28 15:43:54,221 INFO o.a.j.t.JMeterThread: Thread finished: Thread Group - Spike Testing 1-69
2026-08-28 15:43:54,228 INFO o.a.j.t.JMeterThread: Thread finished: Thread Group - Spike Testing 1-13
2026-08-28 15:43:54,244 INFO o.a.j.t.JMeterThread: Thread finished: Thread Group - Spike Testing 1-86
2026-08-28 15:43:54,244 INFO o.a.j.t.JMeterThread: Thread finished: Thread Group - Spike Testing 1-41
2026-08-28 15:43:54,247 INFO o.a.j.t.JMeterThread: Thread finished: Thread Group - Spike Testing 1-98
2026-08-28 15:43:54,259 INFO o.a.j.t.JMeterThread: Thread finished: Thread Group - Spike Testing 1-23
2026-08-28 15:43:54,264 INFO o.a.j.t.JMeterThread: Thread finished: Thread Group - Spike Testing 1-45
2026-08-28 15:43:54,269 INFO o.a.j.t.JMeterThread: Thread finished: Thread Group - Spike Testing 1-94
2026-08-28 15:43:54,275 INFO o.a.j.t.JMeterThread: Thread finished: Thread Group - Spike Testing 1-29
2026-08-28 15:43:54,275 INFO o.a.j.t.JMeterThread: Thread finished: Thread Group - Spike Testing 1-20
2026-08-28 15:43:54,281 INFO o.a.j.t.JMeterThread: Thread finished: Thread Group - Spike Testing 1-90
2026-08-28 15:43:54,282 INFO o.a.j.t.JMeterThread: Thread finished: Thread Group - Spike Testing 1-12
2026-08-28 15:43:54,283 INFO o.a.j.t.JMeterThread: Thread finished: Thread Group - Spike Testing 1-61
2026-08-28 15:43:54,284 INFO o.a.j.t.JMeterThread: Thread finished: Thread Group - Spike Testing 1-74
2026-08-28 15:43:54,285 INFO o.a.j.t.JMeterThread: Thread finished: Thread Group - Spike Testing 1-80
2026-08-28 15:43:54,293 INFO o.a.j.t.JMeterThread: Thread finished: Thread Group - Spike Testing 1-88
2026-08-28 15:43:54,301 INFO o.a.j.t.JMeterThread: Thread finished: Thread Group - Spike Testing 1-52
2026-08-28 15:43:54,302 INFO o.a.j.t.JMeterThread: Thread finished: Thread Group - Spike Testing 1-48
2026-08-28 15:43:54,318 INFO o.a.j.t.JMeterThread: Thread finished: Thread Group - Spike Testing 1-82
2026-08-28 15:43:54,324 INFO o.a.j.t.JMeterThread: Thread finished: Thread Group - Spike Testing 1-65
2026-08-28 15:43:54,335 INFO o.a.j.t.JMeterThread: Stopping because end time detected by thread: Thread Group - Spike Testing 1-68
2026-08-28 15:43:54,335 INFO o.a.j.t.JMeterThread: Thread finished: Thread Group - Spike Testing 1-68
2026-08-28 15:43:54,335 INFO o.a.j.t.JMeterThread: Thread finished: Thread Group - Spike Testing 1-93
2026-08-28 15:43:54,335 INFO o.a.j.t.JMeterThread: Stopping because end time detected by thread: Thread Group - Spike Testing 1-71
2026-08-28 15:43:54,335 INFO o.a.j.t.JMeterThread: Thread finished: Thread Group - Spike Testing 1-71
2026-08-28 15:43:54,340 INFO o.a.j.t.JMeterThread: Thread finished: Thread Group - Spike Testing 1-84
2026-08-28 15:43:54,340 INFO o.a.j.e.StandardJMeterEngine: Notifying test listeners of end of test
2026-08-28 15:43:54,340 INFO o.a.j.s.FileServer: Close: test-data.csv
2026-08-28 15:43:54,340 INFO o.a.j.r.Summariser: summary +   7844 in 00:00:24 =  322.3/s Avg:     9 Min:     0 Max:    54 Err:     0 (0.00%) Active: 0 Started: 100 Finished: 100
2026-08-28 15:43:54,340 INFO o.a.j.r.Summariser: summary =   8848 in 00:00:30 =  294.0/s Avg:     8 Min:     0 Max:    54 Err:     0 (0.00%)
2026-08-28 15:43:54,340 INFO o.a.j.JMeter: Generating Dashboard
2026-08-28 15:43:54,340 INFO o.a.j.r.d.ReportGenerator: Flushing result collector before report Generation
2026-08-28 15:43:54,363 INFO o.a.j.r.p.NormalizerSampleConsumer: Using format, 'ms', to parse timeStamp field
2026-08-28 15:43:54,741 INFO o.a.j.r.p.AbstractSampleConsumer: class org.apache.jmeter.report.processor.AggregateConsumer#stopProducing(): beginDate produced 0 samples
2026-08-28 15:43:54,741 INFO o.a.j.r.p.AbstractSampleConsumer: class org.apache.jmeter.report.processor.AggregateConsumer#stopProducing(): endDate produced 0 samples
2026-08-28 15:43:54,743 INFO o.a.j.r.p.AbstractSampleConsumer: class org.apache.jmeter.report.processor.ApdexSummaryConsumer#stopProducing(): apdexSummary produced 0 samples
2026-08-28 15:43:54,743 INFO o.a.j.r.p.AbstractSampleConsumer: class org.apache.jmeter.report.processor.RequestsSummaryConsumer#stopProducing(): requestsSummary produced 0 samples
2026-08-28 15:43:54,756 INFO o.a.j.r.p.AbstractSampleConsumer: class org.apache.jmeter.report.processor.StatisticsSummaryConsumer#stopProducing(): statisticsSummary produced 0 samples
2026-08-28 15:43:54,756 INFO o.a.j.r.p.AbstractSampleConsumer: class org.apache.jmeter.report.processor.Top5ErrorsBySamplerConsumer#stopProducing(): top5ErrorsBySampler produced 0 samples
2026-08-28 15:43:54,756 INFO o.a.j.r.p.AbstractSampleConsumer: class org.apache.jmeter.report.processor.ErrorsSummaryConsumer#stopProducing(): errorsSummary produced 0 samples
2026-08-28 15:43:54,757 INFO o.a.j.r.p.AbstractSampleConsumer: class org.apache.jmeter.report.processor.graph.impl.HitsPerSecondGraphConsumer#stopProducing(): hitsPerSecond produced 0 samples
2026-08-28 15:43:54,845 INFO o.a.j.r.p.AbstractSampleConsumer: class org.apache.jmeter.report.processor.graph.impl.LatencyVSRequestGraphConsumer#stopProducing(): latencyVsRequest produced 0 samples
2026-08-28 15:43:54,845 INFO o.a.j.r.p.AbstractSampleConsumer: class org.apache.jmeter.report.processor.graph.impl.SyntheticResponseTimeDistributionGraphConsumer#stopProducing(): syntheticResponseTimeDistribution produced 0 samples
2026-08-28 15:43:54,859 INFO o.a.j.r.p.AbstractSampleConsumer: class org.apache.jmeter.report.processor.graph.impl.BytesThroughputGraphConsumer#stopProducing(): bytesThroughputOverTime produced 0 samples
2026-08-28 15:43:54,859 INFO o.a.j.r.p.AbstractSampleConsumer: class org.apache.jmeter.report.processor.graph.impl.CodesPerSecondGraphConsumer#stopProducing(): codesPerSecond produced 0 samples
2026-08-28 15:43:54,946 INFO o.a.j.r.p.AbstractSampleConsumer: class org.apache.jmeter.report.processor.graph.impl.ResponseTimeVSRequestGraphConsumer#stopProducing(): responseTimeVsRequest produced 0 samples
2026-08-28 15:43:54,946 INFO o.a.j.r.p.AbstractSampleConsumer: class org.apache.jmeter.report.processor.FilterConsumer#stopProducing(): startIntervalControlerFilter produced 61936 samples
2026-08-28 15:43:54,946 INFO o.a.j.r.p.AbstractSampleConsumer: class org.apache.jmeter.report.processor.graph.impl.TotalTPSGraphConsumer#stopProducing(): totalTPS produced 0 samples
2026-08-28 15:43:54,946 INFO o.a.j.r.p.AbstractSampleConsumer: class org.apache.jmeter.report.processor.graph.impl.ActiveThreadsGraphConsumer#stopProducing(): activeThreadsOverTime produced 0 samples
2026-08-28 15:43:54,946 INFO o.a.j.r.p.AbstractSampleConsumer: class org.apache.jmeter.report.processor.graph.impl.TimeVSThreadGraphConsumer#stopProducing(): timeVsThreads produced 0 samples
2026-08-28 15:43:54,946 INFO o.a.j.r.p.AbstractSampleConsumer: class org.apache.jmeter.report.processor.graph.impl.ResponseTimeDistributionGraphConsumer#stopProducing(): responseTimeDistribution produced 0 samples
2026-08-28 15:43:54,946 INFO o.a.j.r.p.AbstractSampleConsumer: class org.apache.jmeter.report.processor.graph.impl.TransactionsPerSecondGraphConsumer#stopProducing(): transactionsPerSecond produced 0 samples
2026-08-28 15:43:54,946 INFO o.a.j.r.p.AbstractSampleConsumer: class org.apache.jmeter.report.processor.graph.impl.ResponseTimePercentilesGraphConsumer#stopProducing(): responseTimePercentiles produced 0 samples
2026-08-28 15:43:54,946 INFO o.a.j.r.p.AbstractSampleConsumer: class org.apache.jmeter.report.processor.graph.impl.ResponseTimePercentilesOverTimeGraphConsumer#stopProducing(): responseTimePercentilesOverTime produced 0 samples
2026-08-28 15:43:54,946 INFO o.a.j.r.p.AbstractSampleConsumer: class org.apache.jmeter.report.processor.graph.impl.ResponseTimeOverTimeGraphConsumer#stopProducing(): responseTimesOverTime produced 0 samples
2026-08-28 15:43:54,946 INFO o.a.j.r.p.AbstractSampleConsumer: class org.apache.jmeter.report.processor.graph.impl.ConnectTimeOverTimeGraphConsumer#stopProducing(): connectTimeOverTime produced 0 samples
2026-08-28 15:43:54,946 INFO o.a.j.r.p.AbstractSampleConsumer: class org.apache.jmeter.report.processor.graph.impl.LatencyOverTimeGraphConsumer#stopProducing(): latenciesOverTime produced 0 samples
2026-08-28 15:43:54,946 INFO o.a.j.r.p.AbstractSampleConsumer: class org.apache.jmeter.report.processor.FilterConsumer#stopProducing(): nameFilter produced 132720 samples
2026-08-28 15:43:54,946 INFO o.a.j.r.p.AbstractSampleConsumer: class org.apache.jmeter.report.processor.FilterConsumer#stopProducing(): dateRangeFilter produced 26544 samples
2026-08-28 15:43:54,946 INFO o.a.j.r.p.AbstractSampleConsumer: class org.apache.jmeter.report.processor.NormalizerSampleConsumer#stopProducing(): normalizer produced 8848 samples
2026-08-28 15:43:54,946 INFO o.a.j.r.p.CsvFileSampleSource: produce(): 8848 samples produced in 550ms on channel 0
2026-08-28 15:43:54,946 INFO o.a.j.r.d.ReportGenerator: Exporting data using exporter:'json' of className:'org.apache.jmeter.report.dashboard.JsonExporter'
2026-08-28 15:43:55,020 INFO o.a.j.r.d.JsonExporter: Found data for consumer statisticsSummary in context
2026-08-28 15:43:55,020 INFO o.a.j.r.d.JsonExporter: Creating statistics for overall
2026-08-28 15:43:55,020 INFO o.a.j.r.d.JsonExporter: Creating statistics for other transactions
2026-08-28 15:43:55,021 INFO o.a.j.r.d.JsonExporter: Checking output folder
2026-08-28 15:43:55,021 INFO o.a.j.r.d.JsonExporter: Writing statistics JSON to D:\STD\Y3\Y3S3\KiemThuPM\hw\hw5\test-results\spike_html_report\statistics.json
2026-08-28 15:43:55,058 INFO o.a.j.r.d.ReportGenerator: Exporting data using exporter:'html' of className:'org.apache.jmeter.report.dashboard.HtmlTemplateExporter'
2026-08-28 15:43:55,060 INFO o.a.j.r.d.HtmlTemplateExporter: Will generate dashboard in folder: D:\STD\Y3\Y3S3\KiemThuPM\hw\hw5\test-results\spike_html_report
2026-08-28 15:43:55,160 INFO o.a.j.r.d.HtmlTemplateExporter: Report will be generated in: D:\STD\Y3\Y3S3\KiemThuPM\hw\hw5\test-results\spike_html_report, creating folder structure
2026-08-28 15:43:55,160 INFO o.a.j.r.d.TemplateVisitor: Copying folder from 'C:\Users\LENOVO\Downloads\apache-jmeter-5.6.3\apache-jmeter-5.6.3\bin\report-template' to 'D:\STD\Y3\Y3S3\KiemThuPM\hw\hw5\test-results\spike_html_report', got message: D:\STD\Y3\Y3S3\KiemThuPM\hw\hw5\test-results\spike_html_report, found non empty folder with following content [D:\STD\Y3\Y3S3\KiemThuPM\hw\hw5\test-results\spike_html_report\statistics.json], will be ignored
2026-08-28 15:43:55,448 INFO o.a.j.JMeter: Dashboard generated
